[WARNING @ host/libraries/libbladeRF/src/board/bladerf2/bladerf2.c:451] Failed to get FPGA size Invalid operation or parameter
[WARNING @ host/libraries/libbladeRF/src/board/bladerf2/bladerf2.c:3667] Failed to get VCTCXO trim value: Invalid operation or parameter
[WARNING @ host/libraries/libbladeRF/src/backend/usb/libusb.c:1259] lusb_stream_cb: RX transfer timed out after 2 full transfers
[ERROR @ host/libraries/libbladeRF/src/backend/usb/libusb.c:1381] Transfer timed out for RX buffer 0x79ddbf234010: 401408 of 524288 bytes, 2 transfer(s) completed on this stream
READ_FAULT i=1 attempt=4 status=The operation would block, but has been requested to be non-blocking epoch=0/2 valid=0 count=0 meta_status=0x0 ts=0 boundary=10859287
UNRECOVERED i=1 status=The operation would block, but has been requested to be non-blocking
RUNTIME_OVERRUN n=1 epoch=1 flags=0x10000009 rfic_status=0x0 error=0 timestamp=0
RUNTIME_OVERRUN n=2 epoch=2 flags=0x10000021 rfic_status=0x900df984 error=-1 timestamp=0
[ERROR @ host/libraries/libbladeRF/src/board/bladerf2/rf_transition.c:2329] bladerf_rx_transition_wait: FPGA RX fault before epoch certification: transaction=3 status=0x10214900 epoch=3
TRANSITION_WAIT_FAILED i=2 txn=3 status=An unexpected error occurred
UNRECOVERED i=2 status=An unexpected error occurred
[ERROR @ host/libraries/libbladeRF/src/board/bladerf2/rf_transition.c:2329] bladerf_rx_transition_wait: FPGA RX fault before epoch certification: transaction=4 status=0x10214900 epoch=4
TRANSITION_WAIT_FAILED i=3 txn=4 status=An unexpected error occurred
UNRECOVERED i=3 status=An unexpected error occurred
[ERROR @ host/libraries/libbladeRF/src/board/bladerf2/rf_transition.c:2329] bladerf_rx_transition_wait: FPGA RX fault before epoch certification: transaction=5 status=0x10214900 epoch=5
TRANSITION_WAIT_FAILED i=4 txn=5 status=An unexpected error occurred
UNRECOVERED i=4 status=An unexpected error occurred
FINAL_EVENT_HISTORY_OK first=1 last=5
QUALIFICATION_FAILED runtime_stream_overruns=2
FINAL_RX1_DISABLE_DONE mode=RX1
FINAL_RX2_DISABLE_DONE paired=0
FINAL_DEVICE_CLOSE_BEGIN
FINAL_DEVICE_CLOSE_DONE
bladerf2-axi-ad9361: Successfully initialized (76800537 Hz)
bladerf2-axi-ad9361-tx: Successfully initialized (76800537 Hz)
ad9361_init : AD936x Rev 2 successfully initialized
mode=RX1 transitions=5 unrecovered=4 first_read_faults=1 recovered=0 retry_would_block=4 retry_overruns=0 stream_overrun_events=2 data_withheld_events=3 transition_ms_p50=1335.093_p95=1336.820_p99=1336.820_max=1343.374
