[WARNING @ host/libraries/libbladeRF/src/board/bladerf2/bladerf2.c:451] Failed to get FPGA size Invalid operation or parameter
[WARNING @ host/libraries/libbladeRF/src/board/bladerf2/bladerf2.c:3667] Failed to get VCTCXO trim value: Invalid operation or parameter
[WARNING @ host/libraries/libbladeRF/src/backend/usb/libusb.c:1259] lusb_stream_cb: RX transfer timed out after 19 full transfers
[ERROR @ host/libraries/libbladeRF/src/backend/usb/libusb.c:1381] Transfer timed out for RX buffer 0x7abefd051010: 8192 of 131072 bytes, 19 transfer(s) completed on this stream
[ERROR @ host/libraries/libbladeRF/src/backend/usb/libusb.c:1381] Transfer timed out for RX buffer 0x7abefd030010: 0 of 131072 bytes, 19 transfer(s) completed on this stream
[ERROR @ host/libraries/libbladeRF/src/backend/usb/libusb.c:1381] Transfer timed out for RX buffer 0x7abefd00f010: 0 of 131072 bytes, 19 transfer(s) completed on this stream
[ERROR @ host/libraries/libbladeRF/src/backend/usb/libusb.c:1381] Transfer timed out for RX buffer 0x7abefcfee010: 0 of 131072 bytes, 19 transfer(s) completed on this stream
[ERROR @ host/libraries/libbladeRF/src/backend/usb/libusb.c:1381] Transfer timed out for RX buffer 0x7abefcfcd010: 0 of 131072 bytes, 19 transfer(s) completed on this stream
[ERROR @ host/libraries/libbladeRF/src/backend/usb/libusb.c:1381] Transfer timed out for RX buffer 0x7abefcfac010: 0 of 131072 bytes, 19 transfer(s) completed on this stream
[ERROR @ host/libraries/libbladeRF/src/backend/usb/libusb.c:1381] Transfer timed out for RX buffer 0x7abefcf8b010: 0 of 131072 bytes, 19 transfer(s) completed on this stream
[ERROR @ host/libraries/libbladeRF/src/backend/usb/libusb.c:1381] Transfer timed out for RX buffer 0x7abefcf6a010: 0 of 131072 bytes, 19 transfer(s) completed on this stream
[ERROR @ host/libraries/libbladeRF/src/backend/usb/libusb.c:1381] Transfer timed out for RX buffer 0x7abefcf49010: 0 of 131072 bytes, 19 transfer(s) completed on this stream
[ERROR @ host/libraries/libbladeRF/src/backend/usb/libusb.c:1381] Transfer timed out for RX buffer 0x7abefcf28010: 0 of 131072 bytes, 19 transfer(s) completed on this stream
[ERROR @ host/libraries/libbladeRF/src/backend/usb/libusb.c:1381] Transfer timed out for RX buffer 0x7abefcf07010: 0 of 131072 bytes, 19 transfer(s) completed on this stream
[ERROR @ host/libraries/libbladeRF/src/backend/usb/libusb.c:1381] Transfer timed out for RX buffer 0x7abefcee6010: 0 of 131072 bytes, 19 transfer(s) completed on this stream
[ERROR @ host/libraries/libbladeRF/src/backend/usb/libusb.c:1381] Transfer timed out for RX buffer 0x7abefcec5010: 0 of 131072 bytes, 19 transfer(s) completed on this stream
TRANSITION_WAIT_FAILED i=2 txn=3 status=Operation timed out
UNRECOVERED i=2 status=Operation timed out
RUNTIME_OVERRUN n=1 epoch=2 flags=0x10000009 rfic_status=0x0 error=0 timestamp=0
[ERROR @ host/libraries/libbladeRF/src/board/bladerf2/rf_transition.c:2329] bladerf_rx_transition_wait: FPGA RX fault before epoch certification: transaction=4 status=0x10314900 epoch=4
TRANSITION_WAIT_FAILED i=3 txn=4 status=An unexpected error occurred
UNRECOVERED i=3 status=An unexpected error occurred
[ERROR @ host/libraries/libbladeRF/src/board/bladerf2/rf_transition.c:2329] bladerf_rx_transition_wait: FPGA RX fault before epoch certification: transaction=5 status=0x10314900 epoch=5
TRANSITION_WAIT_FAILED i=4 txn=5 status=An unexpected error occurred
UNRECOVERED i=4 status=An unexpected error occurred
FINAL_EVENT_HISTORY_OK first=1 last=5
QUALIFICATION_FAILED runtime_stream_overruns=1
FINAL_RX1_DISABLE_DONE mode=BOTH
FINAL_RX2_DISABLE_DONE paired=1
FINAL_DEVICE_CLOSE_BEGIN
FINAL_DEVICE_CLOSE_DONE
bladerf2-axi-ad9361: Successfully initialized (76800537 Hz)
bladerf2-axi-ad9361-tx: Successfully initialized (76799011 Hz)
ad9361_init : AD936x Rev 2 successfully initialized
mode=BOTH transitions=5 unrecovered=3 first_read_faults=0 recovered=0 retry_would_block=0 retry_overruns=0 stream_overrun_events=1 data_withheld_events=4 transition_ms_p50=1338.176_p95=1339.838_p99=1339.838_max=2021.265
