[WARNING @ host/libraries/libbladeRF/src/board/bladerf2/bladerf2.c:451] Failed to get FPGA size Invalid operation or parameter
[WARNING @ host/libraries/libbladeRF/src/board/bladerf2/bladerf2.c:3667] Failed to get VCTCXO trim value: Invalid operation or parameter
[WARNING @ host/libraries/libbladeRF/src/backend/usb/libusb.c:1259] lusb_stream_cb: RX transfer timed out after 7 full transfers
[ERROR @ host/libraries/libbladeRF/src/backend/usb/libusb.c:1381] Transfer timed out for RX buffer 0x7245c7cf6010: 24576 of 131072 bytes, 7 transfer(s) completed on this stream
[ERROR @ host/libraries/libbladeRF/src/backend/usb/libusb.c:1381] Transfer timed out for RX buffer 0x7245c7cd5010: 0 of 131072 bytes, 7 transfer(s) completed on this stream
[ERROR @ host/libraries/libbladeRF/src/backend/usb/libusb.c:1381] Transfer timed out for RX buffer 0x7245c7cb4010: 0 of 131072 bytes, 7 transfer(s) completed on this stream
[ERROR @ host/libraries/libbladeRF/src/backend/usb/libusb.c:1381] Transfer timed out for RX buffer 0x7245c7c93010: 0 of 131072 bytes, 7 transfer(s) completed on this stream
[ERROR @ host/libraries/libbladeRF/src/backend/usb/libusb.c:1381] Transfer timed out for RX buffer 0x7245c7c72010: 0 of 131072 bytes, 7 transfer(s) completed on this stream
[ERROR @ host/libraries/libbladeRF/src/backend/usb/libusb.c:1381] Transfer timed out for RX buffer 0x7245c7c51010: 0 of 131072 bytes, 7 transfer(s) completed on this stream
[ERROR @ host/libraries/libbladeRF/src/backend/usb/libusb.c:1381] Transfer timed out for RX buffer 0x7245c7c30010: 0 of 131072 bytes, 7 transfer(s) completed on this stream
[ERROR @ host/libraries/libbladeRF/src/backend/usb/libusb.c:1381] Transfer timed out for RX buffer 0x7245c7c0f010: 0 of 131072 bytes, 7 transfer(s) completed on this stream
[ERROR @ host/libraries/libbladeRF/src/backend/usb/libusb.c:1381] Transfer timed out for RX buffer 0x7245c7bee010: 0 of 131072 bytes, 7 transfer(s) completed on this stream
[ERROR @ host/libraries/libbladeRF/src/backend/usb/libusb.c:1381] Transfer timed out for RX buffer 0x7245c7bcd010: 0 of 131072 bytes, 7 transfer(s) completed on this stream
[ERROR @ host/libraries/libbladeRF/src/backend/usb/libusb.c:1381] Transfer timed out for RX buffer 0x7245c7bac010: 0 of 131072 bytes, 7 transfer(s) completed on this stream
READ_FAULT i=1 attempt=4 status=The operation would block, but has been requested to be non-blocking epoch=0/5 valid=0 count=0 meta_status=0x0 ts=0 boundary=10725779
UNRECOVERED i=1 status=The operation would block, but has been requested to be non-blocking
RUNTIME_OVERRUN n=1 epoch=4 flags=0x10000009 rfic_status=0x0 error=0 timestamp=0
UNRECOVERED i=2 status=The operation would block, but has been requested to be non-blocking
FINAL_EVENT_HISTORY_OK first=1 last=0
QUALIFICATION_FAILED runtime_stream_overruns=1
FINAL_RX1_DISABLE_DONE mode=RX1
FINAL_RX2_DISABLE_DONE paired=0
FINAL_DEVICE_CLOSE_BEGIN
FINAL_DEVICE_CLOSE_DONE
bladerf2-axi-ad9361: Successfully initialized (76800537 Hz)
bladerf2-axi-ad9361-tx: Successfully initialized (76800537 Hz)
ad9361_init : AD936x Rev 2 successfully initialized
mode=RX1 transitions=3 unrecovered=2 first_read_faults=1 recovered=0 retry_would_block=4 retry_overruns=0 stream_overrun_events=1 data_withheld_events=4 transition_ms_p50=1330.665_p95=1330.665_p99=1330.665_max=1335.326
