[WARNING @ host/libraries/libbladeRF/src/board/bladerf2/bladerf2.c:451] Failed to get FPGA size Invalid operation or parameter
[WARNING @ host/libraries/libbladeRF/src/board/bladerf2/bladerf2.c:3667] Failed to get VCTCXO trim value: Invalid operation or parameter
CAPTURE_TIMING i=0 samples_per_channel=32768 sample_rate=4000000 duration_ms=8.684 status=Success
CAPTURE_TIMING i=1 samples_per_channel=32768 sample_rate=4000000 duration_ms=9.000 status=Success
CAPTURE_TIMING i=2 samples_per_channel=32768 sample_rate=4000000 duration_ms=8.333 status=Success
CAPTURE_TIMING i=3 samples_per_channel=32768 sample_rate=4000000 duration_ms=8.455 status=Success
CAPTURE_TIMING i=4 samples_per_channel=32768 sample_rate=4000000 duration_ms=8.606 status=Success
CAPTURE_TIMING i=5 samples_per_channel=32768 sample_rate=4000000 duration_ms=8.429 status=Success
CAPTURE_TIMING i=6 samples_per_channel=32768 sample_rate=4000000 duration_ms=8.942 status=Success
CAPTURE_TIMING i=7 samples_per_channel=32768 sample_rate=4000000 duration_ms=9.151 status=Success
CAPTURE_TIMING i=8 samples_per_channel=32768 sample_rate=4000000 duration_ms=8.098 status=Success
CAPTURE_TIMING i=9 samples_per_channel=32768 sample_rate=4000000 duration_ms=7.991 status=Success
CAPTURE_TIMING i=10 samples_per_channel=32768 sample_rate=4000000 duration_ms=8.254 status=Success
CAPTURE_TIMING i=11 samples_per_channel=32768 sample_rate=4000000 duration_ms=7.978 status=Success
CAPTURE_TIMING i=12 samples_per_channel=32768 sample_rate=4000000 duration_ms=8.114 status=Success
CAPTURE_TIMING i=13 samples_per_channel=32768 sample_rate=4000000 duration_ms=8.961 status=Success
CAPTURE_TIMING i=14 samples_per_channel=32768 sample_rate=4000000 duration_ms=8.066 status=Success
CAPTURE_TIMING i=15 samples_per_channel=32768 sample_rate=4000000 duration_ms=7.864 status=Success
FINAL_EVENT_HISTORY_OK first=1 last=30
FINAL_RX1_DISABLE_DONE mode=BOTH
FINAL_RX2_DISABLE_DONE paired=1
FINAL_DEVICE_CLOSE_BEGIN
FINAL_DEVICE_CLOSE_DONE
bladerf2-axi-ad9361: Successfully initialized (76799011 Hz)
bladerf2-axi-ad9361-tx: Successfully initialized (76799011 Hz)
ad9361_init : AD936x Rev 2 successfully initialized
mode=BOTH transitions=30 unrecovered=0 first_read_faults=0 recovered=0 retry_would_block=0 retry_overruns=0 stream_overrun_events=0 data_withheld_events=30 transition_ms_p50=1339.781_p95=1351.939_p99=1352.200_max=1355.125
