[WARNING @ host/libraries/libbladeRF/src/board/bladerf2/bladerf2.c:451] Failed to get FPGA size Invalid operation or parameter
[INFO @ host/libraries/libbladeRF/src/helpers/version.c:103] FPGA version (v16.1.0) is newer than entries in libbladeRF's compatibility table. Please update libbladeRF if problems arise.
[WARNING @ host/libraries/libbladeRF/src/board/bladerf2/bladerf2.c:3669] Failed to get VCTCXO trim value: Invalid operation or parameter
[DEBUG @ host/libraries/libbladeRF/src/board/bladerf2/rf_transition.c:966] bladerf2_rx_data_invalidate: reserved RX reconfiguration (reason=0x2)
[DEBUG @ host/libraries/libbladeRF/src/board/bladerf2/rf_transition.c:1106] bladerf2_rx_reconfigure_complete: released RX reconfiguration reservation
[DEBUG @ host/libraries/libbladeRF/src/board/bladerf2/rf_transition.c:966] bladerf2_rx_data_invalidate: reserved RX reconfiguration (reason=0x4)
[DEBUG @ host/libraries/libbladeRF/src/board/bladerf2/rf_transition.c:1106] bladerf2_rx_reconfigure_complete: released RX reconfiguration reservation
[DEBUG @ host/libraries/libbladeRF/src/board/bladerf2/rf_transition.c:966] bladerf2_rx_data_invalidate: reserved RX reconfiguration (reason=0x8)
[DEBUG @ host/libraries/libbladeRF/src/board/bladerf2/rf_transition.c:1106] bladerf2_rx_reconfigure_complete: released RX reconfiguration reservation
[DEBUG @ host/libraries/libbladeRF/src/board/bladerf2/rf_transition.c:966] bladerf2_rx_data_invalidate: reserved RX reconfiguration (reason=0x2000)
[INFO @ host/libraries/libbladeRF/src/board/bladerf2/bladerf2.c:3025] Increasing RX META ring from 16 to 24 buffers for 8 in-flight transfers
[DEBUG @ host/libraries/libbladeRF/src/streaming/sync.c:239] FX3 firmware 2.6.1 GPIF buffer size: 8192
[DEBUG @ host/libraries/libbladeRF/src/streaming/async.c:295] FX3 firmware 2.6.1 GPIF buffer size: 8192
[DEBUG @ host/libraries/libbladeRF/src/board/bladerf2/rf_transition.c:1106] bladerf2_rx_reconfigure_complete: released RX reconfiguration reservation
[DEBUG @ host/libraries/libbladeRF/src/board/bladerf2/rf_transition.c:966] bladerf2_rx_data_invalidate: reserved RX reconfiguration (reason=0x200)
[DEBUG @ host/libraries/libbladeRF/src/board/bladerf2/rfic_host.c:298] Enabling both RX channels. MIMO layout configured.
[DEBUG @ host/libraries/libbladeRF/src/board/bladerf2/rf_transition.c:1106] bladerf2_rx_reconfigure_complete: released RX reconfiguration reservation
[DEBUG @ host/libraries/libbladeRF/src/board/bladerf2/rf_transition.c:966] bladerf2_rx_data_invalidate: reserved RX reconfiguration (reason=0x200)
[DEBUG @ host/libraries/libbladeRF/src/board/bladerf2/rfic_host.c:298] Enabling both RX channels. MIMO layout configured.
[DEBUG @ host/libraries/libbladeRF/src/board/bladerf2/rfic_host.c:355] _rfic_host_enable_module: reg value unchanged? (f8028283)
[DEBUG @ host/libraries/libbladeRF/src/board/bladerf2/rf_transition.c:1106] bladerf2_rx_reconfigure_complete: released RX reconfiguration reservation
[DEBUG @ host/libraries/libbladeRF/src/backend/usb/nios_access.c:117] NIOS retune2 USB OUT=34 us IN=88 us total=123 us
[DEBUG @ host/libraries/libbladeRF/src/backend/usb/nios_access.c:1691] RX1 operation duration: 18
[DEBUG @ host/libraries/libbladeRF/src/board/bladerf2/rf_transition.c:1546] _bladerf_rx_transition_begin: epoch ARM/fence transaction=1 took 347 us
[DEBUG @ host/libraries/libbladeRF/src/board/bladerf2/rf_transition.c:1683] _bladerf_rx_transition_begin: host RFIC tune transaction=1 took 18612 us
[DEBUG @ host/libraries/libbladeRF/src/board/bladerf2/rf_transition.c:1704] _bladerf_rx_transition_begin: LO readback transaction=1 took 258 us
[DEBUG @ host/libraries/libbladeRF/src/board/bladerf2/rf_transition.c:939] bladerf2_rx_data_invalidate: invalidation blocked (transition_pending=1 setter_active=0 state=3 transaction=1)
[DEBUG @ host/libraries/libbladeRF/src/board/bladerf2/rf_transition.c:939] bladerf2_rx_data_invalidate: invalidation blocked (transition_pending=1 setter_active=0 state=3 transaction=1)
[DEBUG @ host/libraries/libbladeRF/src/board/bladerf2/rf_transition.c:939] bladerf2_rx_data_invalidate: invalidation blocked (transition_pending=1 setter_active=0 state=3 transaction=1)
[DEBUG @ host/libraries/libbladeRF/src/board/bladerf2/rf_transition.c:1937] bladerf_rx_transition_wait: PLL-lock transaction=1 cumulative 123 us
[DEBUG @ host/libraries/libbladeRF/src/board/bladerf2/rf_transition.c:1973] bladerf_rx_transition_wait: ENSM-RX transaction=1 cumulative 249 us
[DEBUG @ host/libraries/libbladeRF/src/board/bladerf2/rf_transition.c:2156] bladerf_rx_transition_wait: FPGA epoch status transaction=1 reads=1 sleeps=0 read_total_us=114.746 read_max_us=114.746 opened=1 status=0x01070000
[DEBUG @ host/libraries/libbladeRF/src/board/bladerf2/rf_transition.c:2179] bladerf_rx_transition_wait: epoch-valid transaction=1 cumulative 611 us
[DEBUG @ host/libraries/libbladeRF/src/board/bladerf2/rf_transition.c:2303] bladerf_rx_transition_wait: epoch handoff transaction=1 complete_us=114.465 status_reads=1 status_total_us=114.746 timestamp_lo_us=0.000 timestamp_hi_us=116.378 sync_fence_us=0.756
[DEBUG @ host/libraries/libbladeRF/src/streaming/sync.c:1236] sync_rx: skipped 21 rejected RX ring slots
[DEBUG @ host/libraries/libbladeRF/src/streaming/sync.c:1236] sync_rx: skipped 1 rejected RX ring slot
[DEBUG @ host/libraries/libbladeRF/src/streaming/sync_worker.c:333] RX epoch worker callback: buffer=22 samples=8192 prod_i=6 cons_i=22 slot_state=0 seq=22 expected_seq=22
[DEBUG @ host/libraries/libbladeRF/src/streaming/sync_worker.c:333] RX epoch worker callback: buffer=23 samples=8192 prod_i=7 cons_i=23 slot_state=0 seq=23 expected_seq=23
CAPTURE_CLOSED i=0 epoch=1 pause_ms=250
[DEBUG @ host/libraries/libbladeRF/src/backend/usb/nios_access.c:117] NIOS retune2 USB OUT=367 us IN=238 us total=605 us
[DEBUG @ host/libraries/libbladeRF/src/backend/usb/nios_access.c:1691] RX1 operation duration: 17
[DEBUG @ host/libraries/libbladeRF/src/board/bladerf2/rf_transition.c:1546] _bladerf_rx_transition_begin: epoch ARM/fence transaction=2 took 1158 us
[DEBUG @ host/libraries/libbladeRF/src/board/bladerf2/rf_transition.c:1683] _bladerf_rx_transition_begin: host RFIC tune transaction=2 took 21869 us
[DEBUG @ host/libraries/libbladeRF/src/board/bladerf2/rf_transition.c:1704] _bladerf_rx_transition_begin: LO readback transaction=2 took 253 us
[DEBUG @ host/libraries/libbladeRF/src/board/bladerf2/rf_transition.c:939] bladerf2_rx_data_invalidate: invalidation blocked (transition_pending=1 setter_active=0 state=3 transaction=2)
[DEBUG @ host/libraries/libbladeRF/src/board/bladerf2/rf_transition.c:939] bladerf2_rx_data_invalidate: invalidation blocked (transition_pending=1 setter_active=0 state=3 transaction=2)
[DEBUG @ host/libraries/libbladeRF/src/board/bladerf2/rf_transition.c:939] bladerf2_rx_data_invalidate: invalidation blocked (transition_pending=1 setter_active=0 state=3 transaction=2)
[DEBUG @ host/libraries/libbladeRF/src/board/bladerf2/rf_transition.c:1937] bladerf_rx_transition_wait: PLL-lock transaction=2 cumulative 123 us
[DEBUG @ host/libraries/libbladeRF/src/board/bladerf2/rf_transition.c:1973] bladerf_rx_transition_wait: ENSM-RX transaction=2 cumulative 250 us
[DEBUG @ host/libraries/libbladeRF/src/board/bladerf2/rf_transition.c:2156] bladerf_rx_transition_wait: FPGA epoch status transaction=2 reads=1 sleeps=0 read_total_us=120.450 read_max_us=120.450 opened=1 status=0x02050000
[DEBUG @ host/libraries/libbladeRF/src/board/bladerf2/rf_transition.c:2179] bladerf_rx_transition_wait: epoch-valid transaction=2 cumulative 621 us
[DEBUG @ host/libraries/libbladeRF/src/board/bladerf2/rf_transition.c:2303] bladerf_rx_transition_wait: epoch handoff transaction=2 complete_us=116.459 status_reads=1 status_total_us=120.450 timestamp_lo_us=0.000 timestamp_hi_us=118.025 sync_fence_us=0.814
[DEBUG @ host/libraries/libbladeRF/src/streaming/sync.c:1236] sync_rx: skipped 24 rejected RX ring slots
[DEBUG @ host/libraries/libbladeRF/src/streaming/sync_worker.c:333] RX epoch worker callback: buffer=5 samples=8192 prod_i=13 cons_i=23 slot_state=0 seq=293 expected_seq=293
[DEBUG @ host/libraries/libbladeRF/src/streaming/sync_worker.c:333] RX epoch worker callback: buffer=6 samples=8192 prod_i=14 cons_i=23 slot_state=0 seq=294 expected_seq=294
[DEBUG @ host/libraries/libbladeRF/src/streaming/sync_worker.c:333] RX epoch worker callback: buffer=7 samples=8192 prod_i=15 cons_i=23 slot_state=0 seq=295 expected_seq=295
[DEBUG @ host/libraries/libbladeRF/src/streaming/sync_worker.c:333] RX epoch worker callback: buffer=8 samples=8192 prod_i=16 cons_i=23 slot_state=0 seq=296 expected_seq=296
[DEBUG @ host/libraries/libbladeRF/src/streaming/sync_worker.c:402] RX overrun @ buffer 21 prod_i=5 prod_state=2 completed_state=3 seq=309 expected_seq=309 next_seq=317 reorder_len=0 cons_i=23 dropped=0
[DEBUG @ host/libraries/libbladeRF/src/streaming/sync.c:1311] sync_rx: dropped 16 stale buffers after overrun
CAPTURE_CLOSED i=1 epoch=2 pause_ms=250
RUNTIME_OVERRUN n=1 epoch=2 flags=0x10000045 rfic_status=0x0 error=0 timestamp=0
[DEBUG @ host/libraries/libbladeRF/src/backend/usb/nios_access.c:117] NIOS retune2 USB OUT=250 us IN=310 us total=560 us
[DEBUG @ host/libraries/libbladeRF/src/backend/usb/nios_access.c:1691] RX1 operation duration: 18
[DEBUG @ host/libraries/libbladeRF/src/board/bladerf2/rf_transition.c:1546] _bladerf_rx_transition_begin: epoch ARM/fence transaction=3 took 1696 us
[DEBUG @ host/libraries/libbladeRF/src/board/bladerf2/rf_transition.c:1683] _bladerf_rx_transition_begin: host RFIC tune transaction=3 took 21894 us
[DEBUG @ host/libraries/libbladeRF/src/board/bladerf2/rf_transition.c:1704] _bladerf_rx_transition_begin: LO readback transaction=3 took 256 us
[DEBUG @ host/libraries/libbladeRF/src/board/bladerf2/rf_transition.c:939] bladerf2_rx_data_invalidate: invalidation blocked (transition_pending=1 setter_active=0 state=3 transaction=3)
[DEBUG @ host/libraries/libbladeRF/src/board/bladerf2/rf_transition.c:939] bladerf2_rx_data_invalidate: invalidation blocked (transition_pending=1 setter_active=0 state=3 transaction=3)
[DEBUG @ host/libraries/libbladeRF/src/board/bladerf2/rf_transition.c:939] bladerf2_rx_data_invalidate: invalidation blocked (transition_pending=1 setter_active=0 state=3 transaction=3)
[DEBUG @ host/libraries/libbladeRF/src/board/bladerf2/rf_transition.c:1937] bladerf_rx_transition_wait: PLL-lock transaction=3 cumulative 124 us
[DEBUG @ host/libraries/libbladeRF/src/board/bladerf2/rf_transition.c:1973] bladerf_rx_transition_wait: ENSM-RX transaction=3 cumulative 251 us
[DEBUG @ host/libraries/libbladeRF/src/board/bladerf2/rf_transition.c:2156] bladerf_rx_transition_wait: FPGA epoch status transaction=3 reads=1 sleeps=0 read_total_us=117.565 read_max_us=117.565 opened=1 status=0x03070000
[DEBUG @ host/libraries/libbladeRF/src/board/bladerf2/rf_transition.c:2179] bladerf_rx_transition_wait: epoch-valid transaction=3 cumulative 619 us
[DEBUG @ host/libraries/libbladeRF/src/board/bladerf2/rf_transition.c:2303] bladerf_rx_transition_wait: epoch handoff transaction=3 complete_us=116.852 status_reads=1 status_total_us=117.565 timestamp_lo_us=0.000 timestamp_hi_us=116.807 sync_fence_us=0.792
[DEBUG @ host/libraries/libbladeRF/src/streaming/sync.c:1236] sync_rx: skipped 24 rejected RX ring slots
[DEBUG @ host/libraries/libbladeRF/src/streaming/sync_worker.c:333] RX epoch worker callback: buffer=7 samples=8192 prod_i=15 cons_i=1 slot_state=0 seq=584 expected_seq=584
[DEBUG @ host/libraries/libbladeRF/src/streaming/sync_worker.c:333] RX epoch worker callback: buffer=8 samples=8192 prod_i=16 cons_i=1 slot_state=0 seq=585 expected_seq=585
[DEBUG @ host/libraries/libbladeRF/src/streaming/sync_worker.c:333] RX epoch worker callback: buffer=9 samples=8192 prod_i=17 cons_i=1 slot_state=0 seq=586 expected_seq=586
[DEBUG @ host/libraries/libbladeRF/src/streaming/sync_worker.c:333] RX epoch worker callback: buffer=10 samples=8192 prod_i=18 cons_i=1 slot_state=0 seq=587 expected_seq=587
[DEBUG @ host/libraries/libbladeRF/src/streaming/sync_worker.c:402] RX overrun @ buffer 23 prod_i=7 prod_state=2 completed_state=3 seq=600 expected_seq=600 next_seq=608 reorder_len=0 cons_i=1 dropped=0
[DEBUG @ host/libraries/libbladeRF/src/streaming/sync.c:1311] sync_rx: dropped 16 stale buffers after overrun
CAPTURE_CLOSED i=2 epoch=3 pause_ms=250
RUNTIME_OVERRUN n=2 epoch=3 flags=0x10000045 rfic_status=0x0 error=0 timestamp=0
[DEBUG @ host/libraries/libbladeRF/src/backend/usb/nios_access.c:117] NIOS retune2 USB OUT=232 us IN=260 us total=493 us
[DEBUG @ host/libraries/libbladeRF/src/backend/usb/nios_access.c:1691] RX1 operation duration: 17
[DEBUG @ host/libraries/libbladeRF/src/board/bladerf2/rf_transition.c:1546] _bladerf_rx_transition_begin: epoch ARM/fence transaction=4 took 1234 us
[DEBUG @ host/libraries/libbladeRF/src/board/bladerf2/rf_transition.c:1683] _bladerf_rx_transition_begin: host RFIC tune transaction=4 took 22691 us
[DEBUG @ host/libraries/libbladeRF/src/board/bladerf2/rf_transition.c:1704] _bladerf_rx_transition_begin: LO readback transaction=4 took 253 us
[DEBUG @ host/libraries/libbladeRF/src/board/bladerf2/rf_transition.c:939] bladerf2_rx_data_invalidate: invalidation blocked (transition_pending=1 setter_active=0 state=3 transaction=4)
[DEBUG @ host/libraries/libbladeRF/src/board/bladerf2/rf_transition.c:939] bladerf2_rx_data_invalidate: invalidation blocked (transition_pending=1 setter_active=0 state=3 transaction=4)
[DEBUG @ host/libraries/libbladeRF/src/board/bladerf2/rf_transition.c:939] bladerf2_rx_data_invalidate: invalidation blocked (transition_pending=1 setter_active=0 state=3 transaction=4)
[DEBUG @ host/libraries/libbladeRF/src/board/bladerf2/rf_transition.c:1937] bladerf_rx_transition_wait: PLL-lock transaction=4 cumulative 129 us
[DEBUG @ host/libraries/libbladeRF/src/board/bladerf2/rf_transition.c:1973] bladerf_rx_transition_wait: ENSM-RX transaction=4 cumulative 258 us
[DEBUG @ host/libraries/libbladeRF/src/board/bladerf2/rf_transition.c:2156] bladerf_rx_transition_wait: FPGA epoch status transaction=4 reads=1 sleeps=0 read_total_us=114.853 read_max_us=114.853 opened=1 status=0x04050000
[DEBUG @ host/libraries/libbladeRF/src/board/bladerf2/rf_transition.c:2179] bladerf_rx_transition_wait: epoch-valid transaction=4 cumulative 626 us
[DEBUG @ host/libraries/libbladeRF/src/board/bladerf2/rf_transition.c:2303] bladerf_rx_transition_wait: epoch handoff transaction=4 complete_us=117.992 status_reads=1 status_total_us=114.853 timestamp_lo_us=0.000 timestamp_hi_us=118.253 sync_fence_us=1.229
[DEBUG @ host/libraries/libbladeRF/src/streaming/sync.c:1236] sync_rx: skipped 24 rejected RX ring slots
[DEBUG @ host/libraries/libbladeRF/src/streaming/sync_worker.c:333] RX epoch worker callback: buffer=9 samples=8192 prod_i=17 cons_i=3 slot_state=0 seq=875 expected_seq=875
[DEBUG @ host/libraries/libbladeRF/src/streaming/sync_worker.c:333] RX epoch worker callback: buffer=10 samples=8192 prod_i=18 cons_i=3 slot_state=0 seq=876 expected_seq=876
[DEBUG @ host/libraries/libbladeRF/src/streaming/sync_worker.c:333] RX epoch worker callback: buffer=11 samples=8192 prod_i=19 cons_i=3 slot_state=0 seq=877 expected_seq=877
[DEBUG @ host/libraries/libbladeRF/src/streaming/sync_worker.c:333] RX epoch worker callback: buffer=12 samples=8192 prod_i=20 cons_i=3 slot_state=0 seq=878 expected_seq=878
[DEBUG @ host/libraries/libbladeRF/src/streaming/sync_worker.c:402] RX overrun @ buffer 1 prod_i=9 prod_state=2 completed_state=3 seq=891 expected_seq=891 next_seq=899 reorder_len=0 cons_i=3 dropped=0
[DEBUG @ host/libraries/libbladeRF/src/streaming/sync.c:1311] sync_rx: dropped 16 stale buffers after overrun
CAPTURE_CLOSED i=3 epoch=4 pause_ms=250
RUNTIME_OVERRUN n=3 epoch=4 flags=0x10000045 rfic_status=0x0 error=0 timestamp=0
[DEBUG @ host/libraries/libbladeRF/src/backend/usb/nios_access.c:117] NIOS retune2 USB OUT=337 us IN=192 us total=530 us
[DEBUG @ host/libraries/libbladeRF/src/backend/usb/nios_access.c:1691] RX1 operation duration: 18
[DEBUG @ host/libraries/libbladeRF/src/board/bladerf2/rf_transition.c:1546] _bladerf_rx_transition_begin: epoch ARM/fence transaction=5 took 1067 us
[DEBUG @ host/libraries/libbladeRF/src/board/bladerf2/rf_transition.c:1683] _bladerf_rx_transition_begin: host RFIC tune transaction=5 took 20155 us
[DEBUG @ host/libraries/libbladeRF/src/board/bladerf2/rf_transition.c:1704] _bladerf_rx_transition_begin: LO readback transaction=5 took 254 us
[DEBUG @ host/libraries/libbladeRF/src/board/bladerf2/rf_transition.c:939] bladerf2_rx_data_invalidate: invalidation blocked (transition_pending=1 setter_active=0 state=3 transaction=5)
[DEBUG @ host/libraries/libbladeRF/src/board/bladerf2/rf_transition.c:939] bladerf2_rx_data_invalidate: invalidation blocked (transition_pending=1 setter_active=0 state=3 transaction=5)
[DEBUG @ host/libraries/libbladeRF/src/board/bladerf2/rf_transition.c:939] bladerf2_rx_data_invalidate: invalidation blocked (transition_pending=1 setter_active=0 state=3 transaction=5)
[DEBUG @ host/libraries/libbladeRF/src/board/bladerf2/rf_transition.c:1937] bladerf_rx_transition_wait: PLL-lock transaction=5 cumulative 139 us
[DEBUG @ host/libraries/libbladeRF/src/board/bladerf2/rf_transition.c:1973] bladerf_rx_transition_wait: ENSM-RX transaction=5 cumulative 267 us
[DEBUG @ host/libraries/libbladeRF/src/board/bladerf2/rf_transition.c:2156] bladerf_rx_transition_wait: FPGA epoch status transaction=5 reads=1 sleeps=0 read_total_us=115.750 read_max_us=115.750 opened=1 status=0x05070000
[DEBUG @ host/libraries/libbladeRF/src/board/bladerf2/rf_transition.c:2179] bladerf_rx_transition_wait: epoch-valid transaction=5 cumulative 677 us
[DEBUG @ host/libraries/libbladeRF/src/board/bladerf2/rf_transition.c:2303] bladerf_rx_transition_wait: epoch handoff transaction=5 complete_us=119.304 status_reads=1 status_total_us=115.750 timestamp_lo_us=0.000 timestamp_hi_us=117.198 sync_fence_us=0.812
[DEBUG @ host/libraries/libbladeRF/src/streaming/sync.c:1236] sync_rx: skipped 24 rejected RX ring slots
[DEBUG @ host/libraries/libbladeRF/src/streaming/sync_worker.c:333] RX epoch worker callback: buffer=9 samples=8192 prod_i=17 cons_i=5 slot_state=0 seq=1164 expected_seq=1164
[DEBUG @ host/libraries/libbladeRF/src/streaming/sync_worker.c:333] RX epoch worker callback: buffer=10 samples=8192 prod_i=18 cons_i=5 slot_state=0 seq=1165 expected_seq=1165
[DEBUG @ host/libraries/libbladeRF/src/streaming/sync_worker.c:333] RX epoch worker callback: buffer=11 samples=8192 prod_i=19 cons_i=5 slot_state=0 seq=1166 expected_seq=1166
[DEBUG @ host/libraries/libbladeRF/src/streaming/sync_worker.c:333] RX epoch worker callback: buffer=12 samples=8192 prod_i=20 cons_i=5 slot_state=0 seq=1167 expected_seq=1167
[DEBUG @ host/libraries/libbladeRF/src/streaming/sync_worker.c:402] RX overrun @ buffer 1 prod_i=9 prod_state=2 completed_state=3 seq=1180 expected_seq=1180 next_seq=1188 reorder_len=0 cons_i=5 dropped=0
[DEBUG @ host/libraries/libbladeRF/src/streaming/sync.c:1311] sync_rx: dropped 16 stale buffers after overrun
CAPTURE_CLOSED i=4 epoch=5 pause_ms=250
RUNTIME_OVERRUN n=4 epoch=5 flags=0x10000045 rfic_status=0x0 error=0 timestamp=0
FINAL_EVENT_HISTORY_OK first=1 last=5
QUALIFICATION_FAILED runtime_stream_overruns=4
[DEBUG @ host/libraries/libbladeRF/src/board/bladerf2/rf_transition.c:966] bladerf2_rx_data_invalidate: reserved RX reconfiguration (reason=0x200)
[DEBUG @ host/libraries/libbladeRF/src/board/bladerf2/rfic_host.c:302] Disabling both RX channels. MIMO layout configured.
[DEBUG @ host/libraries/libbladeRF/src/streaming/sync_worker.c:607] sync_worker_deinit: request stop worker=0x5fd2d2548540
[DEBUG @ host/libraries/libbladeRF/src/streaming/sync_worker.c:618] sync_worker_deinit: stopped wait worker=0x5fd2d2548540 status=0
[DEBUG @ host/libraries/libbladeRF/src/streaming/sync_worker.c:629] sync_worker_deinit: async stream deinit begin worker=0x5fd2d2548540
[DEBUG @ host/libraries/libbladeRF/src/streaming/sync_worker.c:632] sync_worker_deinit: async stream deinit complete worker=0x5fd2d2548540
[DEBUG @ host/libraries/libbladeRF/src/board/bladerf2/rf_transition.c:1106] bladerf2_rx_reconfigure_complete: released RX reconfiguration reservation
FINAL_RX1_DISABLE_DONE mode=BOTH
[DEBUG @ host/libraries/libbladeRF/src/board/bladerf2/rf_transition.c:966] bladerf2_rx_data_invalidate: reserved RX reconfiguration (reason=0x200)
[DEBUG @ host/libraries/libbladeRF/src/board/bladerf2/rfic_host.c:302] Disabling both RX channels. MIMO layout configured.
[DEBUG @ host/libraries/libbladeRF/src/board/bladerf2/rfic_host.c:355] _rfic_host_enable_module: reg value unchanged? (f8000201)
[DEBUG @ host/libraries/libbladeRF/src/board/bladerf2/rf_transition.c:1106] bladerf2_rx_reconfigure_complete: released RX reconfiguration reservation
FINAL_RX2_DISABLE_DONE paired=1
FINAL_DEVICE_CLOSE_BEGIN
[DEBUG @ host/libraries/libbladeRF/src/bladerf.c:217] bladerf_close: board close begin
[DEBUG @ host/libraries/libbladeRF/src/board/bladerf2/bladerf2.c:599] bladerf2_close: sync_deinit begin channel=0
[DEBUG @ host/libraries/libbladeRF/src/board/bladerf2/bladerf2.c:602] bladerf2_close: sync_deinit complete channel=0
[DEBUG @ host/libraries/libbladeRF/src/board/bladerf2/bladerf2.c:619] bladerf2_close: disable module begin direction=0
[DEBUG @ host/libraries/libbladeRF/src/board/bladerf2/bladerf2.c:622] bladerf2_close: disable module complete direction=0 status=0
[DEBUG @ host/libraries/libbladeRF/src/board/bladerf2/bladerf2.c:599] bladerf2_close: sync_deinit begin channel=1
[DEBUG @ host/libraries/libbladeRF/src/board/bladerf2/bladerf2.c:602] bladerf2_close: sync_deinit complete channel=1
[DEBUG @ host/libraries/libbladeRF/src/board/bladerf2/bladerf2.c:619] bladerf2_close: disable module begin direction=1
[DEBUG @ host/libraries/libbladeRF/src/board/bladerf2/bladerf2.c:622] bladerf2_close: disable module complete direction=1 status=0
[DEBUG @ host/libraries/libbladeRF/src/backend/usb/nios_access.c:117] NIOS retune2 USB OUT=39 us IN=117 us total=156 us
[DEBUG @ host/libraries/libbladeRF/src/backend/usb/nios_access.c:1691] TX1 operation duration: 18
[DEBUG @ host/libraries/libbladeRF/src/board/bladerf2/bladerf2.c:652] bladerf2_close: RFIC standby begin
[DEBUG @ host/libraries/libbladeRF/src/board/bladerf2/rfic_host.c:192] _rfic_host_deinitialize: deinitializing
[DEBUG @ host/libraries/libbladeRF/src/board/bladerf2/bladerf2.c:665] bladerf2_close: RFIC standby complete
[DEBUG @ host/libraries/libbladeRF/src/bladerf.c:221] bladerf_close: board close complete
[DEBUG @ host/libraries/libbladeRF/src/bladerf.c:224] bladerf_close: backend close begin
[DEBUG @ host/libraries/libbladeRF/src/bladerf.c:226] bladerf_close: backend close complete
FINAL_DEVICE_CLOSE_DONE
bladerf2-axi-ad9361: Successfully initialized (76800537 Hz)
bladerf2-axi-ad9361-tx: Successfully initialized (76799011 Hz)
ad9361_init : AD936x Rev 2 successfully initialized
mode=BOTH transitions=5 unrecovered=0 first_read_faults=4 recovered=4 retry_would_block=0 retry_overruns=4 stream_overrun_events=4 data_withheld_events=10 transition_ms_p50=24.871_p95=25.408_p99=25.408_max=25.638
