[WARNING @ host/libraries/libbladeRF/src/board/bladerf2/bladerf2.c:451] Failed to get FPGA size Invalid operation or parameter
[INFO @ host/libraries/libbladeRF/src/helpers/version.c:103] FPGA version (v16.1.0) is newer than entries in libbladeRF's compatibility table. Please update libbladeRF if problems arise.
[WARNING @ host/libraries/libbladeRF/src/board/bladerf2/bladerf2.c:3669] Failed to get VCTCXO trim value: Invalid operation or parameter
[DEBUG @ host/libraries/libbladeRF/src/board/bladerf2/rf_transition.c:966] bladerf2_rx_data_invalidate: reserved RX reconfiguration (reason=0x2)
[DEBUG @ host/libraries/libbladeRF/src/board/bladerf2/rf_transition.c:1106] bladerf2_rx_reconfigure_complete: released RX reconfiguration reservation
[DEBUG @ host/libraries/libbladeRF/src/board/bladerf2/rf_transition.c:966] bladerf2_rx_data_invalidate: reserved RX reconfiguration (reason=0x4)
[DEBUG @ host/libraries/libbladeRF/src/board/bladerf2/rf_transition.c:1106] bladerf2_rx_reconfigure_complete: released RX reconfiguration reservation
[DEBUG @ host/libraries/libbladeRF/src/board/bladerf2/rf_transition.c:966] bladerf2_rx_data_invalidate: reserved RX reconfiguration (reason=0x8)
[DEBUG @ host/libraries/libbladeRF/src/board/bladerf2/rf_transition.c:1106] bladerf2_rx_reconfigure_complete: released RX reconfiguration reservation
[DEBUG @ host/libraries/libbladeRF/src/board/bladerf2/rf_transition.c:966] bladerf2_rx_data_invalidate: reserved RX reconfiguration (reason=0x2000)
[INFO @ host/libraries/libbladeRF/src/board/bladerf2/bladerf2.c:3025] Increasing RX META ring from 64 to 96 buffers for 32 in-flight transfers
[DEBUG @ host/libraries/libbladeRF/src/streaming/sync.c:239] FX3 firmware 2.6.1 GPIF buffer size: 8192
[DEBUG @ host/libraries/libbladeRF/src/streaming/async.c:295] FX3 firmware 2.6.1 GPIF buffer size: 8192
[DEBUG @ host/libraries/libbladeRF/src/board/bladerf2/rf_transition.c:1106] bladerf2_rx_reconfigure_complete: released RX reconfiguration reservation
[DEBUG @ host/libraries/libbladeRF/src/board/bladerf2/rf_transition.c:966] bladerf2_rx_data_invalidate: reserved RX reconfiguration (reason=0x200)
[DEBUG @ host/libraries/libbladeRF/src/board/bladerf2/rf_transition.c:1106] bladerf2_rx_reconfigure_complete: released RX reconfiguration reservation
[DEBUG @ host/libraries/libbladeRF/src/backend/usb/nios_access.c:117] NIOS retune2 USB OUT=208 us IN=213 us total=421 us
[DEBUG @ host/libraries/libbladeRF/src/backend/usb/nios_access.c:1691] RX2 operation duration: 95
[DEBUG @ host/libraries/libbladeRF/src/board/bladerf2/rf_transition.c:1546] _bladerf_rx_transition_begin: epoch ARM/fence transaction=1 took 1396 us
[DEBUG @ host/libraries/libbladeRF/src/board/bladerf2/rf_transition.c:1683] _bladerf_rx_transition_begin: host RFIC tune transaction=1 took 19370 us
[DEBUG @ host/libraries/libbladeRF/src/board/bladerf2/rf_transition.c:1704] _bladerf_rx_transition_begin: LO readback transaction=1 took 262 us
[DEBUG @ host/libraries/libbladeRF/src/board/bladerf2/rf_transition.c:939] bladerf2_rx_data_invalidate: invalidation blocked (transition_pending=1 setter_active=0 state=3 transaction=1)
[DEBUG @ host/libraries/libbladeRF/src/board/bladerf2/rf_transition.c:939] bladerf2_rx_data_invalidate: invalidation blocked (transition_pending=1 setter_active=0 state=3 transaction=1)
[DEBUG @ host/libraries/libbladeRF/src/board/bladerf2/rf_transition.c:939] bladerf2_rx_data_invalidate: invalidation blocked (transition_pending=1 setter_active=0 state=3 transaction=1)
[DEBUG @ host/libraries/libbladeRF/src/board/bladerf2/rf_transition.c:1937] bladerf_rx_transition_wait: PLL-lock transaction=1 cumulative 124 us
[DEBUG @ host/libraries/libbladeRF/src/board/bladerf2/rf_transition.c:1973] bladerf_rx_transition_wait: ENSM-RX transaction=1 cumulative 256 us
[DEBUG @ host/libraries/libbladeRF/src/board/bladerf2/rf_transition.c:2156] bladerf_rx_transition_wait: FPGA epoch status transaction=1 reads=1 sleeps=0 read_total_us=119.933 read_max_us=119.933 opened=1 status=0xc9070000
[DEBUG @ host/libraries/libbladeRF/src/board/bladerf2/rf_transition.c:2179] bladerf_rx_transition_wait: epoch-valid transaction=1 cumulative 644 us
[DEBUG @ host/libraries/libbladeRF/src/board/bladerf2/rf_transition.c:2303] bladerf_rx_transition_wait: epoch handoff transaction=1 complete_us=115.480 status_reads=1 status_total_us=119.933 timestamp_lo_us=0.000 timestamp_hi_us=163.097 sync_fence_us=0.917
[DEBUG @ host/libraries/libbladeRF/src/streaming/sync.c:1237] sync_rx: skipped 16 rejected RX ring slots from=0 to=16 expected_seq=16 stop_dropped=0 stop_state=3 stop_seq=16
[DEBUG @ host/libraries/libbladeRF/src/streaming/sync_worker.c:333] RX epoch worker callback: buffer=16 samples=32768 prod_i=48 cons_i=16 slot_state=0 seq=16 expected_seq=16
[DEBUG @ host/libraries/libbladeRF/src/streaming/sync_worker.c:333] RX epoch worker callback: buffer=17 samples=32768 prod_i=49 cons_i=17 slot_state=0 seq=17 expected_seq=17
[DEBUG @ host/libraries/libbladeRF/src/streaming/sync_worker.c:333] RX epoch worker callback: buffer=18 samples=32768 prod_i=50 cons_i=18 slot_state=0 seq=18 expected_seq=18
[DEBUG @ host/libraries/libbladeRF/src/streaming/sync_worker.c:333] RX epoch worker callback: buffer=19 samples=32768 prod_i=51 cons_i=19 slot_state=0 seq=19 expected_seq=19
CAPTURE_TIMING i=0 samples_per_channel=3456000 sample_rate=23040000 duration_ms=151.262 status=Success
CAPTURE_CLOSED i=0 epoch=201 pause_ms=250
FINAL_EVENT_HISTORY_OK first=1 last=1
[DEBUG @ host/libraries/libbladeRF/src/board/bladerf2/rf_transition.c:966] bladerf2_rx_data_invalidate: reserved RX reconfiguration (reason=0x200)
[DEBUG @ host/libraries/libbladeRF/src/streaming/sync_worker.c:607] sync_worker_deinit: request stop worker=0x5d1d42786530
[DEBUG @ host/libraries/libbladeRF/src/streaming/sync_worker.c:618] sync_worker_deinit: stopped wait worker=0x5d1d42786530 status=0
[DEBUG @ host/libraries/libbladeRF/src/streaming/sync_worker.c:629] sync_worker_deinit: async stream deinit begin worker=0x5d1d42786530
[DEBUG @ host/libraries/libbladeRF/src/streaming/sync_worker.c:632] sync_worker_deinit: async stream deinit complete worker=0x5d1d42786530
[DEBUG @ host/libraries/libbladeRF/src/board/bladerf2/rf_transition.c:1106] bladerf2_rx_reconfigure_complete: released RX reconfiguration reservation
FINAL_RX1_DISABLE_DONE mode=RX2
FINAL_RX2_DISABLE_DONE paired=0
FINAL_DEVICE_CLOSE_BEGIN
[DEBUG @ host/libraries/libbladeRF/src/bladerf.c:217] bladerf_close: board close begin
[DEBUG @ host/libraries/libbladeRF/src/board/bladerf2/bladerf2.c:599] bladerf2_close: sync_deinit begin channel=0
[DEBUG @ host/libraries/libbladeRF/src/board/bladerf2/bladerf2.c:602] bladerf2_close: sync_deinit complete channel=0
[DEBUG @ host/libraries/libbladeRF/src/board/bladerf2/bladerf2.c:619] bladerf2_close: disable module begin direction=0
[DEBUG @ host/libraries/libbladeRF/src/board/bladerf2/bladerf2.c:622] bladerf2_close: disable module complete direction=0 status=0
[DEBUG @ host/libraries/libbladeRF/src/board/bladerf2/bladerf2.c:599] bladerf2_close: sync_deinit begin channel=1
[DEBUG @ host/libraries/libbladeRF/src/board/bladerf2/bladerf2.c:602] bladerf2_close: sync_deinit complete channel=1
[DEBUG @ host/libraries/libbladeRF/src/board/bladerf2/bladerf2.c:619] bladerf2_close: disable module begin direction=1
[DEBUG @ host/libraries/libbladeRF/src/board/bladerf2/bladerf2.c:622] bladerf2_close: disable module complete direction=1 status=0
[DEBUG @ host/libraries/libbladeRF/src/backend/usb/nios_access.c:117] NIOS retune2 USB OUT=120 us IN=82 us total=202 us
[DEBUG @ host/libraries/libbladeRF/src/backend/usb/nios_access.c:1691] TX1 operation duration: 96
[DEBUG @ host/libraries/libbladeRF/src/board/bladerf2/bladerf2.c:652] bladerf2_close: RFIC standby begin
[DEBUG @ host/libraries/libbladeRF/src/board/bladerf2/rfic_host.c:192] _rfic_host_deinitialize: deinitializing
[DEBUG @ host/libraries/libbladeRF/src/board/bladerf2/bladerf2.c:665] bladerf2_close: RFIC standby complete
[DEBUG @ host/libraries/libbladeRF/src/bladerf.c:221] bladerf_close: board close complete
[DEBUG @ host/libraries/libbladeRF/src/bladerf.c:224] bladerf_close: backend close begin
[DEBUG @ host/libraries/libbladeRF/src/bladerf.c:226] bladerf_close: backend close complete
FINAL_DEVICE_CLOSE_DONE
bladerf2-axi-ad9361: Successfully initialized (76799011 Hz)
bladerf2-axi-ad9361-tx: Successfully initialized (76799011 Hz)
ad9361_init : AD936x Rev 2 successfully initialized
mode=RX2 transitions=1 unrecovered=0 first_read_faults=0 recovered=0 retry_would_block=0 retry_overruns=0 stream_overrun_events=0 data_withheld_events=2 transition_ms_p50=22.448_p95=22.448_p99=22.448_max=22.448
