[WARNING @ host/libraries/libbladeRF/src/board/bladerf2/bladerf2.c:451] Failed to get FPGA size Invalid operation or parameter
[INFO @ host/libraries/libbladeRF/src/helpers/version.c:103] FPGA version (v16.1.0) is newer than entries in libbladeRF's compatibility table. Please update libbladeRF if problems arise.
[WARNING @ host/libraries/libbladeRF/src/board/bladerf2/bladerf2.c:3669] Failed to get VCTCXO trim value: Invalid operation or parameter
CAPTURE_TIMING i=0 samples_per_channel=3456000 sample_rate=23040000 duration_ms=152.357 status=Success
CAPTURE_CLOSED i=0 epoch=1 pause_ms=250
CAPTURE_TIMING i=1 samples_per_channel=3456000 sample_rate=23040000 duration_ms=151.407 status=Success
CAPTURE_CLOSED i=1 epoch=2 pause_ms=250
CAPTURE_TIMING i=2 samples_per_channel=3456000 sample_rate=23040000 duration_ms=150.894 status=Success
CAPTURE_CLOSED i=2 epoch=3 pause_ms=250
CAPTURE_TIMING i=3 samples_per_channel=3456000 sample_rate=23040000 duration_ms=150.522 status=Success
CAPTURE_CLOSED i=3 epoch=4 pause_ms=250
CAPTURE_TIMING i=4 samples_per_channel=3456000 sample_rate=23040000 duration_ms=151.189 status=Success
CAPTURE_CLOSED i=4 epoch=5 pause_ms=250
CAPTURE_TIMING i=5 samples_per_channel=3456000 sample_rate=23040000 duration_ms=150.977 status=Success
CAPTURE_CLOSED i=5 epoch=6 pause_ms=250
CAPTURE_TIMING i=6 samples_per_channel=3456000 sample_rate=23040000 duration_ms=151.053 status=Success
CAPTURE_CLOSED i=6 epoch=7 pause_ms=250
CAPTURE_TIMING i=7 samples_per_channel=3456000 sample_rate=23040000 duration_ms=151.956 status=Success
CAPTURE_CLOSED i=7 epoch=8 pause_ms=250
CAPTURE_TIMING i=8 samples_per_channel=3456000 sample_rate=23040000 duration_ms=151.891 status=Success
CAPTURE_CLOSED i=8 epoch=9 pause_ms=250
CAPTURE_TIMING i=9 samples_per_channel=3456000 sample_rate=23040000 duration_ms=151.223 status=Success
CAPTURE_CLOSED i=9 epoch=10 pause_ms=250
FINAL_EVENT_HISTORY_OK first=1 last=10
FINAL_RX1_DISABLE_DONE mode=RX2
FINAL_RX2_DISABLE_DONE paired=0
FINAL_DEVICE_CLOSE_BEGIN
FINAL_DEVICE_CLOSE_DONE
bladerf2-axi-ad9361: Successfully initialized (76800537 Hz)
bladerf2-axi-ad9361-tx: Successfully initialized (76800537 Hz)
ad9361_init : AD936x Rev 2 successfully initialized
mode=RX2 transitions=10 unrecovered=0 first_read_faults=0 recovered=0 retry_would_block=0 retry_overruns=0 stream_overrun_events=0 data_withheld_events=20 transition_ms_p50=25.236_p95=28.415_p99=28.415_max=29.503
