[WARNING @ host/libraries/libbladeRF/src/board/bladerf2/bladerf2.c:451] Failed to get FPGA size Invalid operation or parameter
[INFO @ host/libraries/libbladeRF/src/helpers/version.c:103] FPGA version (v16.1.0) is newer than entries in libbladeRF's compatibility table. Please update libbladeRF if problems arise.
[WARNING @ host/libraries/libbladeRF/src/board/bladerf2/bladerf2.c:3669] Failed to get VCTCXO trim value: Invalid operation or parameter
CAPTURE_TIMING i=0 samples_per_channel=3456000 sample_rate=23040000 duration_ms=149.921 status=Success
TRACE_TERMINAL txn=1 status=Success complete=1 count=12
TRACE_EVENT i=0 type=0 state=1 epoch=0 flags=0x10000000 error=0 ts=0
TRACE_EVENT i=1 type=8 state=1 epoch=1 flags=0x10000000 error=0 ts=0
TRACE_EVENT i=2 type=0 state=2 epoch=0 flags=0x10000000 error=0 ts=0
TRACE_EVENT i=3 type=14 state=2 epoch=0 flags=0x10000018 error=0 ts=0
TRACE_EVENT i=4 type=1 state=2 epoch=0 flags=0x10000018 error=0 ts=0
TRACE_EVENT i=5 type=11 state=3 epoch=0 flags=0x10000000 error=0 ts=0
TRACE_EVENT i=6 type=12 state=3 epoch=0 flags=0x10000000 error=0 ts=0
TRACE_EVENT i=7 type=2 state=4 epoch=0 flags=0x10000000 error=0 ts=0
TRACE_EVENT i=8 type=3 state=6 epoch=0 flags=0x10000000 error=0 ts=0
TRACE_EVENT i=9 type=25 state=6 epoch=1 flags=0x10000000 error=0 ts=0
TRACE_EVENT i=10 type=9 state=8 epoch=1 flags=0x90000000 error=0 ts=574865
TRACE_EVENT i=11 type=13 state=8 epoch=1 flags=0xc0000000 error=0 ts=584236
TRACE_INVALID i=0 status=An unexpected error occurred
CAPTURE_CLOSED i=0 epoch=1 pause_ms=0
CAPTURE_TIMING i=1 samples_per_channel=3456000 sample_rate=23040000 duration_ms=150.016 status=Success
TRACE_TERMINAL txn=2 status=Success complete=1 count=12
TRACE_EVENT i=0 type=0 state=1 epoch=0 flags=0x10000000 error=0 ts=0
TRACE_EVENT i=1 type=8 state=1 epoch=2 flags=0x10000000 error=0 ts=0
TRACE_EVENT i=2 type=0 state=2 epoch=0 flags=0x10000000 error=0 ts=0
TRACE_EVENT i=3 type=14 state=2 epoch=0 flags=0x10000018 error=0 ts=0
TRACE_EVENT i=4 type=1 state=2 epoch=0 flags=0x10000018 error=0 ts=0
TRACE_EVENT i=5 type=11 state=3 epoch=0 flags=0x10000000 error=0 ts=0
TRACE_EVENT i=6 type=12 state=3 epoch=0 flags=0x10000000 error=0 ts=0
TRACE_EVENT i=7 type=2 state=4 epoch=0 flags=0x10000000 error=0 ts=0
TRACE_EVENT i=8 type=3 state=6 epoch=0 flags=0x10000000 error=0 ts=0
TRACE_EVENT i=9 type=25 state=6 epoch=2 flags=0x10000000 error=0 ts=0
TRACE_EVENT i=10 type=9 state=8 epoch=2 flags=0x90000000 error=0 ts=4554335
TRACE_EVENT i=11 type=13 state=8 epoch=2 flags=0xc0000000 error=0 ts=4557772
TRACE_INVALID i=1 status=An unexpected error occurred
CAPTURE_CLOSED i=1 epoch=2 pause_ms=0
FINAL_EVENT_HISTORY_OK first=1 last=2
FINAL_RX1_DISABLE_DONE mode=BOTH
FINAL_RX2_DISABLE_DONE paired=1
FINAL_DEVICE_CLOSE_BEGIN
FINAL_DEVICE_CLOSE_DONE
bladerf2-axi-ad9361: Successfully initialized (76800537 Hz)
bladerf2-axi-ad9361-tx: Successfully initialized (76799011 Hz)
ad9361_init : AD936x Rev 2 successfully initialized
mode=BOTH transitions=2 unrecovered=2 first_read_faults=0 recovered=0 retry_would_block=0 retry_overruns=0 stream_overrun_events=0 data_withheld_events=4 transition_ms_p50=21.891_p95=21.891_p99=21.891_max=21.965
